desktop-01-splash.png ← /dashboard (شاشة البداية 0.6ث)
desktop-02-gate-install.png ← /dashboard
desktop-03-gate-license.png ← /dashboard
desktop-04-dashboard-empty.png ← /dashboard
desktop-05-settings-backup.png ← /settings
desktop-06-dashboard.png ← /dashboard
desktop-07-subscribers.png ← /subscribers
desktop-08-subscribers-kebab.png ← /subscribers
desktop-09-subscriber-new.png ← /subscribers/new
desktop-10-invoice-new.png ← /invoices/new
desktop-11-invoice-new-filled.png ← /invoices/new
desktop-12-archive.png ← /invoices/archive
desktop-13-invoice-print.png ← /invoices/id_demo_i01/print
desktop-14-invoices.png ← /invoices
mobile-01-splash.png ← /dashboard (شاشة البداية 0.6ث)
mobile-02-gate-install.png ← /dashboard
mobile-03-gate-license.png ← /dashboard
mobile-04-dashboard-empty.png ← /dashboard
mobile-05-settings-backup.png ← /settings
mobile-06-dashboard.png ← /dashboard
mobile-07-subscribers.png ← /subscribers
mobile-08-subscribers-kebab.png ← /subscribers
mobile-09-subscriber-new.png ← /subscribers/new
mobile-10-invoice-new.png ← /invoices/new
mobile-11-invoice-new-filled.png ← /invoices/new
mobile-12-archive.png ← /invoices/archive
mobile-13-invoice-print.png ← /invoices/id_demo_i01/print